
Memory Configuration

Name             Origin             Length             Attributes
*default*        0x00000000         0xffffffff

Linker script and memory map

                0x30000000                . = 0x30000000
                0x30000000                . = ALIGN (0x4)

.text           0x30000000     0x2d50
 ./asm2440.o(*.text)
 .text          0x30000000      0x370 ./asm2440.o
                0x30000288                test_int
                0x30000000                _start
                0x30000280                get_psr
 *(.text)
 .text          0x30000370      0xc90 ./cmd.o
                0x30000370                prt
                0x30000f9c                run_clean_boot
                0x30000da8                lmemcpy
                0x30000588                ndchkbb
                0x300004f4                rw_word
                0x30000720                print_help
                0x30000468                rw_byte
                0x30000d3c                read_mem
                0x30000c24                nandcp
                0x30000634                go
                0x300009e0                nandspr
                0x30000390                reboot
                0x300008a0                print_mem
                0x30000464                setip
                0x3000038c                test
                0x30000cb0                write_mem
                0x30000658                put_file_by_serial
                0x300003bc                tftpget
                0x30000784                asc_to_hex
                0x30000dd4                lmemset
                0x30000b14                nander
                0x30000aa8                nandwb
                0x30000410                tftpput
                0x30000df8                handle_cmd
                0x30000970                ndbb
                0x300006d0                get_file_by_serial
                0x30000b84                nandpp
                0x30000a44                nandr
                0x300008ec                pm
 .text          0x30001000      0x3b0 ./cs8900.o
                0x300011d4                cs8900_init
                0x30001014                cs8900_open
                0x30001254                cs8900_is_ready
                0x30001104                cs8900_swi_mem
                0x30001028                cs8900_proble
                0x30001000                cs8900_halt
                0x30001184                cs8900_setmac
                0x300012d4                cs8900_send
                0x30001384                io_w
                0x300010dc                delay_us
                0x30001074                cs8900_reset
                0x30001270                cs8900_recv
                0x30001198                cs8900_init_reg
                0x30001360                io_r
 .text          0x300013b0       0x1c ./m.o
                0x300013b0                main
 .text          0x300013cc      0x280 ./print.o
                0x300013e8                halfbyte2char
                0x30001584                lprint
                0x30001450                num2str
                0x3000150c                print_uint
                0x3000155c                print_binary
                0x30001534                print_hex
                0x300013cc                print_string
                0x3000140c                div
 .text          0x3000164c      0x870 ./s3c2440.o
                0x30001dc0                random_u16
                0x300017e0                random_write_nand
                0x30001e08                random_st
                0x30001cc0                s3c2440_serial_send_byte
                0x30001e70                irq_handle
                0x300016b0                nand_read_ll
                0x30001e2c                test_random
                0x3000197c                is_marked_bad_block
                0x300019f4                nand_erase_ll
                0x30001d90                random_init
                0x3000164c                nand_reset
                0x30001b1c                nand_write_ll
                0x300018cc                random_read_nand
                0x30001ce8                s3c2440_serial_recv_byte
                0x30001d7c                s3c2440_is_serial_recv
 .text          0x30001ebc      0xb48 ./tftp.o
                0x300020d8                anlz_arq
                0x30001fe8                tftp_get
                0x30001f90                change_end
                0x30001f7c                lstrcpy
                0x30001fac                tftp_put
                0x30001f48                lmemequ
                0x30002260                get_response
                0x300026dc                anlz_tftp
                0x30002150                recv_p
                0x30002338                setup_tftp_package
                0x30001ebc                for_check
                0x30001f20                lstrlen
 .text          0x30002a04      0x34c ./xmodem.o
                0x30002ab0                xmodem_1k_recv
                0x30002c20                xmodem_1k_send
                0x30002a68                time_limit_recv_byte
                0x30002a04                crc16

.glue_7         0x30002d50        0x0

.glue_7t        0x30002d50        0x0
                0x30002d50                . = ALIGN (0x4)

.rodata         0x30002d50      0x166
 *(.rodata)
 .rodata        0x30002d50      0x120 ./cmd.o
 .rodata        0x30002e70        0x6 ./m.o
                0x30002e70                cs8900_mac
 .rodata        0x30002e76       0x40 ./tftp.o
                0x30002e76                tftp_req

.rodata.str1.4  0x30002eb8      0xf5d
 .rodata.str1.4
                0x30002eb8      0xb30 ./cmd.o
                                0xb40 (size before relaxing)
 .rodata.str1.4
                0x300039e8       0x8c ./cs8900.o
 .rodata.str1.4
                0x30003a74      0x1eb ./s3c2440.o
                                0x1ec (size before relaxing)
 *fill*         0x30003c5f        0x1 00
 .rodata.str1.4
                0x30003c60      0x170 ./tftp.o
                                0x174 (size before relaxing)
 .rodata.str1.4
                0x30003dd0       0x45 ./xmodem.o
                                 0x48 (size before relaxing)
                0x30003e18                . = ALIGN (0x4)

.data           0x30003e18       0x18
 *(.data)
 .data          0x30003e18        0x8 ./cmd.o
                0x30003e18                local_ip
                0x30003e1c                server_ip
 .data          0x30003e20        0x4 ./cs8900.o
 .data          0x30003e24        0xc ./tftp.o
                0x30003e30                . = ALIGN (0x4)
                0x30003e30                __bss_start = .

.bss            0x30003e30      0xc98
 *(.bss)
 .bss           0x30003e30       0x28 ./cmd.o
                0x30003e30                cmd_buf_p
 .bss           0x30003e58       0x2c ./s3c2440.o
 .bss           0x30003e84      0xc44 ./tftp.o
                0x30004ac8                . = ALIGN (0x4)
                0x30004ac8                _end = .
LOAD ./cmd.o
LOAD ./cs8900.o
LOAD ./m.o
LOAD ./print.o
LOAD ./s3c2440.o
LOAD ./tftp.o
LOAD ./xmodem.o
LOAD ./asm2440.o
LOAD /home/clean/arm-linux/arm-tools/bin/../lib/gcc-lib/arm-linux/3.3.6/libgcc.a
LOAD /home/clean/arm-linux/arm-tools/bin/../arm-linux/lib/libm.a
LOAD /home/clean/arm-linux/arm-tools/lib/gcc-lib/arm-linux/3.3.6/libgcc.a
OUTPUT(cleanboot.elf elf32-littlearm)

.debug_line     0x00000000      0x832
 .debug_line    0x00000000       0xf2 ./asm2440.o
 .debug_line    0x000000f2      0x1b7 ./cmd.o
 .debug_line    0x000002a9       0xd5 ./cs8900.o
 .debug_line    0x0000037e       0x44 ./m.o
 .debug_line    0x000003c2       0xe1 ./print.o
 .debug_line    0x000004a3      0x14e ./s3c2440.o
 .debug_line    0x000005f1      0x19b ./tftp.o
 .debug_line    0x0000078c       0xa6 ./xmodem.o

.debug_info     0x00000000     0x23ef
 .debug_info    0x00000000       0x5b ./asm2440.o
 .debug_info    0x0000005b      0xb0d ./cmd.o
 .debug_info    0x00000b68      0x512 ./cs8900.o
 .debug_info    0x0000107a       0xd3 ./m.o
 .debug_info    0x0000114d      0x2a5 ./print.o
 .debug_info    0x000013f2      0x34e ./s3c2440.o
 .debug_info    0x00001740      0xa90 ./tftp.o
 .debug_info    0x000021d0      0x21f ./xmodem.o

.debug_abbrev   0x00000000      0xa7c
 .debug_abbrev  0x00000000       0x14 ./asm2440.o
 .debug_abbrev  0x00000014      0x259 ./cmd.o
 .debug_abbrev  0x0000026d      0x20e ./cs8900.o
 .debug_abbrev  0x0000047b       0xa0 ./m.o
 .debug_abbrev  0x0000051b       0xec ./print.o
 .debug_abbrev  0x00000607      0x142 ./s3c2440.o
 .debug_abbrev  0x00000749      0x24e ./tftp.o
 .debug_abbrev  0x00000997       0xe5 ./xmodem.o

.debug_aranges  0x00000000      0x100
 .debug_aranges
                0x00000000       0x20 ./asm2440.o
 .debug_aranges
                0x00000020       0x20 ./cmd.o
 .debug_aranges
                0x00000040       0x20 ./cs8900.o
 .debug_aranges
                0x00000060       0x20 ./m.o
 .debug_aranges
                0x00000080       0x20 ./print.o
 .debug_aranges
                0x000000a0       0x20 ./s3c2440.o
 .debug_aranges
                0x000000c0       0x20 ./tftp.o
 .debug_aranges
                0x000000e0       0x20 ./xmodem.o

.debug_frame    0x00000000      0x9fc
 .debug_frame   0x00000000      0x3dc ./cmd.o
 .debug_frame   0x000003dc      0x134 ./cs8900.o
 .debug_frame   0x00000510       0x2c ./m.o
 .debug_frame   0x0000053c      0x118 ./print.o
 .debug_frame   0x00000654      0x178 ./s3c2440.o
 .debug_frame   0x000007cc      0x188 ./tftp.o
 .debug_frame   0x00000954       0xa8 ./xmodem.o

.debug_pubnames
                0x00000000      0x59f
 .debug_pubnames
                0x00000000      0x1a5 ./cmd.o
 .debug_pubnames
                0x000001a5       0xf1 ./cs8900.o
 .debug_pubnames
                0x00000296       0x2a ./m.o
 .debug_pubnames
                0x000002c0       0x82 ./print.o
 .debug_pubnames
                0x00000342      0x13a ./s3c2440.o
 .debug_pubnames
                0x0000047c       0xc8 ./tftp.o
 .debug_pubnames
                0x00000544       0x5b ./xmodem.o

.debug_ranges   0x00000000       0x38
 .debug_ranges  0x00000000       0x20 ./cmd.o
 .debug_ranges  0x00000020       0x18 ./tftp.o

.debug_str      0x00000000      0x863
 .debug_str     0x00000000      0x29b ./cmd.o
                                0x2cb (size before relaxing)
 .debug_str     0x0000029b      0x11a ./cs8900.o
                                0x1b9 (size before relaxing)
 .debug_str     0x000003b5       0x10 ./m.o
                                 0x88 (size before relaxing)
 .debug_str     0x000003c5       0x78 ./print.o
                                 0xe5 (size before relaxing)
 .debug_str     0x0000043d       0xd6 ./s3c2440.o
                                0x1c1 (size before relaxing)
 .debug_str     0x00000513      0x2aa ./tftp.o
                                0x37f (size before relaxing)
 .debug_str     0x000007bd       0xa6 ./xmodem.o
                                0x123 (size before relaxing)

.comment        0x00000000       0x7e
 .comment       0x00000000       0x12 ./cmd.o
 .comment       0x00000012       0x12 ./cs8900.o
 .comment       0x00000024       0x12 ./m.o
 .comment       0x00000036       0x12 ./print.o
 .comment       0x00000048       0x12 ./s3c2440.o
 .comment       0x0000005a       0x12 ./tftp.o
 .comment       0x0000006c       0x12 ./xmodem.o
