
Memory Configuration

Name             Origin             Length             Attributes
*default*        0x00000000         0xffffffff

Linker script and memory map

                0x30000000                . = 0x30000000
                0x30000000                . = ALIGN (0x4)

.text           0x30000000     0x2a90
 ./asm2440.o(*.text)
 .text          0x30000000      0x2a0 ./asm2440.o
                0x30000000                _start
 *(.text)
 .text          0x300002a0      0xc30 ./cmd.o
                0x30000dd0                run_clean_boot
                0x30000cbc                lmemcpy
                0x3000049c                ndchkbb
                0x30000408                rw_word
                0x30000634                print_help
                0x3000037c                rw_byte
                0x30000c50                read_mem
                0x30000b38                nandcp
                0x30000548                go
                0x300008f4                nandspr
                0x300002a4                reboot
                0x300007b4                print_mem
                0x30000378                setip
                0x300002a0                test
                0x30000bc4                write_mem
                0x3000056c                put_file_by_serial
                0x300002d0                tftpget
                0x30000698                asc_to_hex
                0x30000ce8                lmemset
                0x30000a28                nander
                0x300009bc                nandwb
                0x30000324                tftpput
                0x30000d0c                handle_cmd
                0x30000884                ndbb
                0x300005e4                get_file_by_serial
                0x30000a98                nandpp
                0x30000958                nandr
                0x30000800                pm
 .text          0x30000ed0      0x3b0 ./cs8900.o
                0x300010a4                cs8900_init
                0x30000ee4                cs8900_open
                0x30001124                cs8900_is_ready
                0x30000fd4                cs8900_swi_mem
                0x30000ef8                cs8900_proble
                0x30000ed0                cs8900_halt
                0x30001054                cs8900_setmac
                0x300011a4                cs8900_send
                0x30001254                io_w
                0x30000fac                delay_us
                0x30000f44                cs8900_reset
                0x30001140                cs8900_recv
                0x30001068                cs8900_init_reg
                0x30001230                io_r
 .text          0x30001280       0x1c ./m.o
                0x30001280                main
 .text          0x3000129c      0x280 ./print.o
                0x300012b8                halfbyte2char
                0x30001454                lprint
                0x30001320                num2str
                0x300013dc                print_uint
                0x3000142c                print_binary
                0x30001404                print_hex
                0x3000129c                print_string
                0x300012dc                div
 .text          0x3000151c      0x824 ./s3c2440.o
                0x30001c90                random_u16
                0x300016b0                random_write_nand
                0x30001cd8                random_st
                0x30001b90                s3c2440_serial_send_byte
                0x30001580                nand_read_ll
                0x30001cfc                test_random
                0x3000184c                is_marked_bad_block
                0x300018c4                nand_erase_ll
                0x30001c60                random_init
                0x3000151c                nand_reset
                0x300019ec                nand_write_ll
                0x3000179c                random_read_nand
                0x30001bb8                s3c2440_serial_recv_byte
                0x30001c4c                s3c2440_is_serial_recv
 .text          0x30001d40      0xa04 ./tftp.o
                0x30001f38                anlz_arq
                0x30001e4c                tftp_get
                0x30001e14                change_end
                0x30001e00                lstrcpy
                0x30001e30                tftp_put
                0x30002198                setup_tftp_req
                0x30001dcc                lmemequ
                0x300020c0                get_response
                0x30002390                anlz_tftp
                0x30001fb0                recv_p
                0x30001d40                for_check
                0x30001da4                lstrlen
 .text          0x30002744      0x34c ./xmodem.o
                0x300027f0                xmodem_1k_recv
                0x30002960                xmodem_1k_send
                0x300027a8                time_limit_recv_byte
                0x30002744                crc16

.glue_7         0x30002a90        0x0

.glue_7t        0x30002a90        0x0
                0x30002a90                . = ALIGN (0x4)

.rodata         0x30002a90      0x2a0
 *(.rodata)
 .rodata        0x30002a90      0x114 ./cmd.o
 .rodata        0x30002ba4        0x6 ./m.o
                0x30002ba4                cs8900_mac
 *fill*         0x30002baa        0x2 00
 .rodata        0x30002bac      0x184 ./tftp.o
                0x30002bf7                tftp_req_exam
                0x30002cb4                arp_resp
                0x30002cf4                tftp_ack
                0x30002c78                arp_req
                0x30002bac                tftp_req_exam2
                0x30002c37                tftp_req

.rodata.str1.4  0x30002d30      0xe55
 .rodata.str1.4
                0x30002d30      0xa94 ./cmd.o
                                0xaa4 (size before relaxing)
 .rodata.str1.4
                0x300037c4       0x8c ./cs8900.o
 .rodata.str1.4
                0x30003850      0x174 ./s3c2440.o
 .rodata.str1.4
                0x300039c4      0x17c ./tftp.o
 .rodata.str1.4
                0x30003b40       0x45 ./xmodem.o
                                 0x48 (size before relaxing)
                0x30003b88                . = ALIGN (0x4)

.data           0x30003b88       0x18
 *(.data)
 .data          0x30003b88        0x8 ./cmd.o
                0x30003b88                local_ip
                0x30003b8c                server_ip
 .data          0x30003b90        0x4 ./cs8900.o
 .data          0x30003b94        0xc ./tftp.o
                0x30003ba0                . = ALIGN (0x4)
                0x30003ba0                __bss_start = .

.bss            0x30003ba0      0xc90
 *(.bss)
 .bss           0x30003ba0       0x28 ./cmd.o
                0x30003ba0                cmd_buf_p
 .bss           0x30003bc8       0x2c ./s3c2440.o
 .bss           0x30003bf4      0xc3c ./tftp.o
                0x30004830                . = ALIGN (0x4)
                0x30004830                _end = .
LOAD ./cmd.o
LOAD ./cs8900.o
LOAD ./m.o
LOAD ./print.o
LOAD ./s3c2440.o
LOAD ./tftp.o
LOAD ./xmodem.o
LOAD ./asm2440.o
LOAD /home/clean/arm-linux/arm-tools/bin/../lib/gcc-lib/arm-linux/3.3.6/libgcc.a
LOAD /home/clean/arm-linux/arm-tools/bin/../arm-linux/lib/libm.a
LOAD /home/clean/arm-linux/arm-tools/lib/gcc-lib/arm-linux/3.3.6/libgcc.a
OUTPUT(cleanboot.elf elf32-littlearm)

.debug_line     0x00000000      0x7b1
 .debug_line    0x00000000       0xc0 ./asm2440.o
 .debug_line    0x000000c0      0x1ad ./cmd.o
 .debug_line    0x0000026d       0xd5 ./cs8900.o
 .debug_line    0x00000342       0x44 ./m.o
 .debug_line    0x00000386       0xe1 ./print.o
 .debug_line    0x00000467      0x149 ./s3c2440.o
 .debug_line    0x000005b0      0x15b ./tftp.o
 .debug_line    0x0000070b       0xa6 ./xmodem.o

.debug_info     0x00000000     0x23e1
 .debug_info    0x00000000       0x5b ./asm2440.o
 .debug_info    0x0000005b      0xaac ./cmd.o
 .debug_info    0x00000b07      0x512 ./cs8900.o
 .debug_info    0x00001019       0xd3 ./m.o
 .debug_info    0x000010ec      0x2a5 ./print.o
 .debug_info    0x00001391      0x33b ./s3c2440.o
 .debug_info    0x000016cc      0xaf6 ./tftp.o
 .debug_info    0x000021c2      0x21f ./xmodem.o

.debug_abbrev   0x00000000      0xa75
 .debug_abbrev  0x00000000       0x14 ./asm2440.o
 .debug_abbrev  0x00000014      0x263 ./cmd.o
 .debug_abbrev  0x00000277      0x20e ./cs8900.o
 .debug_abbrev  0x00000485       0xa0 ./m.o
 .debug_abbrev  0x00000525       0xec ./print.o
 .debug_abbrev  0x00000611      0x12f ./s3c2440.o
 .debug_abbrev  0x00000740      0x250 ./tftp.o
 .debug_abbrev  0x00000990       0xe5 ./xmodem.o

.debug_aranges  0x00000000      0x100
 .debug_aranges
                0x00000000       0x20 ./asm2440.o
 .debug_aranges
                0x00000020       0x20 ./cmd.o
 .debug_aranges
                0x00000040       0x20 ./cs8900.o
 .debug_aranges
                0x00000060       0x20 ./m.o
 .debug_aranges
                0x00000080       0x20 ./print.o
 .debug_aranges
                0x000000a0       0x20 ./s3c2440.o
 .debug_aranges
                0x000000c0       0x20 ./tftp.o
 .debug_aranges
                0x000000e0       0x20 ./xmodem.o

.debug_frame    0x00000000      0x988
 .debug_frame   0x00000000      0x398 ./cmd.o
 .debug_frame   0x00000398      0x134 ./cs8900.o
 .debug_frame   0x000004cc       0x2c ./m.o
 .debug_frame   0x000004f8      0x118 ./print.o
 .debug_frame   0x00000610      0x158 ./s3c2440.o
 .debug_frame   0x00000768      0x178 ./tftp.o
 .debug_frame   0x000008e0       0xa8 ./xmodem.o

.debug_pubnames
                0x00000000      0x5cf
 .debug_pubnames
                0x00000000      0x19d ./cmd.o
 .debug_pubnames
                0x0000019d       0xf1 ./cs8900.o
 .debug_pubnames
                0x0000028e       0x2a ./m.o
 .debug_pubnames
                0x000002b8       0x82 ./print.o
 .debug_pubnames
                0x0000033a      0x12b ./s3c2440.o
 .debug_pubnames
                0x00000465      0x10f ./tftp.o
 .debug_pubnames
                0x00000574       0x5b ./xmodem.o

.debug_ranges   0x00000000       0x38
 .debug_ranges  0x00000000       0x20 ./cmd.o
 .debug_ranges  0x00000020       0x18 ./tftp.o

.debug_str      0x00000000      0x851
 .debug_str     0x00000000      0x283 ./cmd.o
                                0x2ab (size before relaxing)
 .debug_str     0x00000283      0x11a ./cs8900.o
                                0x1b9 (size before relaxing)
 .debug_str     0x0000039d       0x10 ./m.o
                                 0x88 (size before relaxing)
 .debug_str     0x000003ad       0x78 ./print.o
                                 0xe5 (size before relaxing)
 .debug_str     0x00000425       0xd0 ./s3c2440.o
                                0x1b6 (size before relaxing)
 .debug_str     0x000004f5      0x2b6 ./tftp.o
                                0x39c (size before relaxing)
 .debug_str     0x000007ab       0xa6 ./xmodem.o
                                0x123 (size before relaxing)

.comment        0x00000000       0x7e
 .comment       0x00000000       0x12 ./cmd.o
 .comment       0x00000012       0x12 ./cs8900.o
 .comment       0x00000024       0x12 ./m.o
 .comment       0x00000036       0x12 ./print.o
 .comment       0x00000048       0x12 ./s3c2440.o
 .comment       0x0000005a       0x12 ./tftp.o
 .comment       0x0000006c       0x12 ./xmodem.o
