
Memory Configuration

Name             Origin             Length             Attributes
*default*        0x00000000         0xffffffff

Linker script and memory map

                0x00000000                . = 0x0
                0x00000000                . = ALIGN (0x4)

.text           0x00000000      0xa60
 asm2440.o(.text)
 .text          0x00000000      0x2d0 asm2440.o
                0x00000000                _start
 cmd.o(.text)
 .text          0x000002d0      0x548 cmd.o
                0x0000071c                run_clean_boot
                0x00000614                lmemcpy
                0x000002f8                print_help
                0x000005a8                read_mem
                0x000002d0                go
                0x00000454                print_mem
                0x0000051c                write_mem
                0x00000338                asc_to_hex
                0x00000640                lmemset
                0x00000664                handle_cmd
                0x000003cc                str_to_hex
                0x000002e8                get_file_by_serial
                0x00000374                get_howmany_para
 m.o(.text)
 .text          0x00000818        0x4 m.o
                0x00000818                main
 print.o(.text)
 .text          0x0000081c      0x244 print.o
                0x00000838                halfbyte2char
                0x000009ac                lprint
                0x000008a0                num2str
                0x0000095c                print_uint
                0x00000984                print_hex
                0x0000081c                print_string
                0x0000085c                div

.glue_7         0x00000a60        0x0

.glue_7t        0x00000a60        0x0
                0x00000a60                . = ALIGN (0x4)

.rodata         0x00000a60       0x48
 *(.rodata)
 .rodata        0x00000a60       0x48 cmd.o

.rodata.str1.4  0x00000aa8      0x25b
 .rodata.str1.4
                0x00000aa8      0x230 cmd.o
                                0x234 (size before relaxing)
 .rodata.str1.4
                0x00000cd8       0x2b xmodem.o
                                 0x2c (size before relaxing)
                0x00000d04                . = ALIGN (0x4)

.data           0x00000d04       0x20
 *(.data)
 .data          0x00000d04       0x20 cmd.o
                0x00000d24                . = ALIGN (0x4)
                0x00000d24                __bss_start = .

.bss            0x00000d24        0x8
 *(.bss)
 .bss           0x00000d24        0x8 cmd.o
                0x00000d24                cmd_buf_p
                0x00000d2c                . = ALIGN (0x4)
                0x00000d2c                _end = .
                0x00000d2c                . = ALIGN (0x4)

._text          0x00000d2c      0x240
 s3c2440.o(.text)
 .text          0x00000d2c       0x64 s3c2440.o
                0x00000d2c                s3c2440_serial_send_byte
                0x00000d54                s3c2440_serial_recv_byte
                0x00000d7c                s3c2440_is_serial_recv
 xmodem.o(.text)
 .text          0x00000d90      0x1dc xmodem.o
                0x00000dd8                xmodem_1k_recv
                0x00000d90                time_limit_recv_byte
                0x00000f6c                . = ALIGN (0x4)
                0x00000f6c                _end = .
LOAD asm2440.o
LOAD m.o
LOAD cmd.o
LOAD xmodem.o
LOAD print.o
LOAD s3c2440.o
LOAD /home/clean/arm-linux/arm-tools/bin/../lib/gcc-lib/arm-linux/3.3.6/libgcc.a
LOAD /home/clean/arm-linux/arm-tools/bin/../arm-linux/lib/libm.a
LOAD /home/clean/arm-linux/arm-tools/lib/gcc-lib/arm-linux/3.3.6/libgcc.a
OUTPUT(asm2440.elf elf32-littlearm)

.debug_line     0x00000000      0x338
 .debug_line    0x00000000       0x8e asm2440.o
 .debug_line    0x0000008e       0xd3 cmd.o
 .debug_line    0x00000161       0x41 m.o
 .debug_line    0x000001a2       0xd9 print.o
 .debug_line    0x0000027b       0x46 s3c2440.o
 .debug_line    0x000002c1       0x77 xmodem.o

.debug_info     0x00000000      0x8f6
 .debug_info    0x00000000       0x53 asm2440.o
 .debug_info    0x00000053      0x409 cmd.o
 .debug_info    0x0000045c       0x92 m.o
 .debug_info    0x000004ee      0x263 print.o
 .debug_info    0x00000751       0x8e s3c2440.o
 .debug_info    0x000007df      0x117 xmodem.o

.debug_abbrev   0x00000000      0x3e1
 .debug_abbrev  0x00000000       0x14 asm2440.o
 .debug_abbrev  0x00000014      0x13f cmd.o
 .debug_abbrev  0x00000153       0x76 m.o
 .debug_abbrev  0x000001c9       0xec print.o
 .debug_abbrev  0x000002b5       0x67 s3c2440.o
 .debug_abbrev  0x0000031c       0xc5 xmodem.o

.debug_aranges  0x00000000       0xc0
 .debug_aranges
                0x00000000       0x20 asm2440.o
 .debug_aranges
                0x00000020       0x20 cmd.o
 .debug_aranges
                0x00000040       0x20 m.o
 .debug_aranges
                0x00000060       0x20 print.o
 .debug_aranges
                0x00000080       0x20 s3c2440.o
 .debug_aranges
                0x000000a0       0x20 xmodem.o

.debug_frame    0x00000000      0x314
 .debug_frame   0x00000000      0x164 cmd.o
 .debug_frame   0x00000164       0x20 m.o
 .debug_frame   0x00000184       0xf4 print.o
 .debug_frame   0x00000278       0x40 s3c2440.o
 .debug_frame   0x000002b8       0x5c xmodem.o

.debug_pubnames
                0x00000000      0x214
 .debug_pubnames
                0x00000000       0xe3 cmd.o
 .debug_pubnames
                0x000000e3       0x1b m.o
 .debug_pubnames
                0x000000fe       0x71 print.o
 .debug_pubnames
                0x0000016f       0x67 s3c2440.o
 .debug_pubnames
                0x000001d6       0x3e xmodem.o

.debug_str      0x00000000      0x278
 .debug_str     0x00000000      0x14a cmd.o
                                0x15a (size before relaxing)
 .debug_str     0x0000014a        0x5 m.o
                                 0x6d (size before relaxing)
 .debug_str     0x0000014f       0x72 print.o
                                 0xd0 (size before relaxing)
 .debug_str     0x000001c1       0x53 s3c2440.o
                                 0xa2 (size before relaxing)
 .debug_str     0x00000214       0x64 xmodem.o
                                 0xba (size before relaxing)

.comment        0x00000000       0x5a
 .comment       0x00000000       0x12 cmd.o
 .comment       0x00000012       0x12 m.o
 .comment       0x00000024       0x12 print.o
 .comment       0x00000036       0x12 s3c2440.o
 .comment       0x00000048       0x12 xmodem.o
