
Memory Configuration

Name             Origin             Length             Attributes
*default*        0x00000000         0xffffffff

Linker script and memory map

                0x00000000                . = 0x0
                0x00000000                . = ALIGN (0x4)

.text           0x00000000      0x96c
 asm2440.o(.text)
 .text          0x00000000      0x210 asm2440.o
                0x00000000                _start
 cmd.o(.text)
 .text          0x00000210      0x514 cmd.o
                0x0000065c                run_clean_boot
                0x00000554                lmemcpy
                0x00000238                print_help
                0x000004e8                read_mem
                0x00000210                go
                0x00000394                print_mem
                0x0000045c                write_mem
                0x00000278                asc_to_hex
                0x00000580                lmemset
                0x000005a4                handle_cmd
                0x0000030c                str_to_hex
                0x00000228                get_file_by_serial
                0x000002b4                get_howmany_para
 m.o(.text)
 .text          0x00000724        0x4 m.o
                0x00000724                main
 print.o(.text)
 .text          0x00000728      0x244 print.o
                0x00000744                halfbyte2char
                0x000008b8                lprint
                0x000007ac                num2str
                0x00000868                print_uint
                0x00000890                print_hex
                0x00000728                print_string
                0x00000768                div

.glue_7         0x0000096c        0x0

.glue_7t        0x0000096c        0x0
                0x0000096c                . = ALIGN (0x4)

.rodata         0x0000096c       0x38
 *(.rodata)
 .rodata        0x0000096c       0x38 cmd.o

.rodata.str1.4  0x000009a4      0x214
 .rodata.str1.4
                0x000009a4      0x214 cmd.o
                                0x218 (size before relaxing)
                0x00000bb8                . = ALIGN (0x4)

.data           0x00000bb8       0x28
 *(.data)
 .data          0x00000bb8       0x28 cmd.o
                0x00000be0                . = ALIGN (0x4)
                0x00000be0                __bss_start = .

.bss            0x00000be0        0x0
 *(.bss)
                0x00000be0                . = ALIGN (0x4)
                0x00000be0                _end = .
                0x00000be0                . = ALIGN (0x4)

._text          0x00000be0      0x2e0
 s3c2440.o(.text)
 .text          0x00000be0      0x120 s3c2440.o
                0x00000be0                s3c2440_serial_send_byte
                0x00000c44                nand_read_ll
                0x00000c08                s3c2440_serial_recv_byte
                0x00000c30                s3c2440_is_serial_recv
 xmodem.o(.text)
 .text          0x00000d00      0x1c0 xmodem.o
                0x00000d48                xmodem_1k_recv
                0x00000d00                time_limit_recv_byte
                0x00000ec0                . = ALIGN (0x4)
                0x00000ec0                _end = .
LOAD asm2440.o
LOAD m.o
LOAD cmd.o
LOAD xmodem.o
LOAD print.o
LOAD s3c2440.o
LOAD /home/clean/arm-linux/arm-tools/bin/../lib/gcc-lib/arm-linux/3.3.6/libgcc.a
LOAD /home/clean/arm-linux/arm-tools/bin/../arm-linux/lib/libm.a
LOAD /home/clean/arm-linux/arm-tools/lib/gcc-lib/arm-linux/3.3.6/libgcc.a
OUTPUT(asm2440.elf elf32-littlearm)

.debug_line     0x00000000      0x366
 .debug_line    0x00000000       0x9e asm2440.o
 .debug_line    0x0000009e       0xd2 cmd.o
 .debug_line    0x00000170       0x41 m.o
 .debug_line    0x000001b1       0xd9 print.o
 .debug_line    0x0000028a       0x67 s3c2440.o
 .debug_line    0x000002f1       0x75 xmodem.o

.debug_info     0x00000000      0x948
 .debug_info    0x00000000       0x53 asm2440.o
 .debug_info    0x00000053      0x408 cmd.o
 .debug_info    0x0000045b       0x92 m.o
 .debug_info    0x000004ed      0x263 print.o
 .debug_info    0x00000750       0xfb s3c2440.o
 .debug_info    0x0000084b       0xfd xmodem.o

.debug_abbrev   0x00000000      0x411
 .debug_abbrev  0x00000000       0x14 asm2440.o
 .debug_abbrev  0x00000014      0x12e cmd.o
 .debug_abbrev  0x00000142       0x76 m.o
 .debug_abbrev  0x000001b8       0xec print.o
 .debug_abbrev  0x000002a4       0xb2 s3c2440.o
 .debug_abbrev  0x00000356       0xbb xmodem.o

.debug_aranges  0x00000000       0xc0
 .debug_aranges
                0x00000000       0x20 asm2440.o
 .debug_aranges
                0x00000020       0x20 cmd.o
 .debug_aranges
                0x00000040       0x20 m.o
 .debug_aranges
                0x00000060       0x20 print.o
 .debug_aranges
                0x00000080       0x20 s3c2440.o
 .debug_aranges
                0x000000a0       0x20 xmodem.o

.debug_frame    0x00000000      0x334
 .debug_frame   0x00000000      0x164 cmd.o
 .debug_frame   0x00000164       0x20 m.o
 .debug_frame   0x00000184       0xf4 print.o
 .debug_frame   0x00000278       0x60 s3c2440.o
 .debug_frame   0x000002d8       0x5c xmodem.o

.debug_pubnames
                0x00000000      0x217
 .debug_pubnames
                0x00000000       0xd5 cmd.o
 .debug_pubnames
                0x000000d5       0x1b m.o
 .debug_pubnames
                0x000000f0       0x71 print.o
 .debug_pubnames
                0x00000161       0x78 s3c2440.o
 .debug_pubnames
                0x000001d9       0x3e xmodem.o

.debug_str      0x00000000      0x29a
 .debug_str     0x00000000      0x13d cmd.o
                                0x15a (size before relaxing)
 .debug_str     0x0000013d        0x5 m.o
                                 0x6d (size before relaxing)
 .debug_str     0x00000142       0x72 print.o
                                 0xd0 (size before relaxing)
 .debug_str     0x000001b4       0x82 s3c2440.o
                                 0xd1 (size before relaxing)
 .debug_str     0x00000236       0x64 xmodem.o
                                 0xb3 (size before relaxing)

.comment        0x00000000       0x5a
 .comment       0x00000000       0x12 cmd.o
 .comment       0x00000012       0x12 m.o
 .comment       0x00000024       0x12 print.o
 .comment       0x00000036       0x12 s3c2440.o
 .comment       0x00000048       0x12 xmodem.o
